[0.000000] (-) TimerEvent: {}
[0.000405] (vacuumcleaner) JobQueued: {'identifier': 'vacuumcleaner', 'dependencies': OrderedDict()}
[0.001134] (vacuumcleaner) JobStarted: {'identifier': 'vacuumcleaner'}
[0.010252] (vacuumcleaner) JobProgress: {'identifier': 'vacuumcleaner', 'progress': 'cmake'}
[0.011073] (vacuumcleaner) Command: {'cmd': ['/usr/bin/cmake', '/home/william/vacuumcleaner', '-DCMAKE_INSTALL_PREFIX=/home/william/vacuumcleaner/install/vacuumcleaner'], 'cwd': '/home/william/vacuumcleaner/build/vacuumcleaner', 'env': OrderedDict([('LESSOPEN', '| /usr/bin/lesspipe %s'), ('USER', 'william'), ('LC_TIME', 'de_BE.UTF-8'), ('TEXTDOMAIN', 'im-config'), ('XDG_SEAT', 'seat0'), ('SSH_AGENT_PID', '1212'), ('XDG_SESSION_TYPE', 'x11'), ('LD_LIBRARY_PATH', '/usr/lib/x86_64-linux-gnu/gazebo-9/plugins:/opt/ros/dashing/opt/yaml_cpp_vendor/lib:/opt/ros/dashing/opt/rviz_ogre_vendor/lib:/opt/ros/dashing/lib'), ('SHLVL', '1'), ('QT4_IM_MODULE', 'xim'), ('HOME', '/home/william'), ('OLDPWD', '/home/william/vacuumcleaner/build'), ('DESKTOP_SESSION', 'ubuntu'), ('GIO_LAUNCHED_DESKTOP_FILE', '/etc/xdg/autostart/org.gnome.SettingsDaemon.MediaKeys.desktop'), ('GNOME_SHELL_SESSION_MODE', 'ubuntu'), ('GTK_MODULES', 'gail:atk-bridge'), ('ROS_PYTHON_VERSION', '3'), ('LC_MONETARY', 'de_BE.UTF-8'), ('DBUS_SESSION_BUS_ADDRESS', 'unix:path=/run/user/1000/bus'), ('COLORTERM', 'truecolor'), ('GIO_LAUNCHED_DESKTOP_FILE_PID', '1446'), ('TERMINATOR_DBUS_NAME', 'net.tenshu.Terminator20x1a6021154d881c'), ('IM_CONFIG_PHASE', '2'), ('ROS_DISTRO', 'dashing'), ('LOGNAME', 'william'), ('GTK_IM_MODULE', 'ibus'), ('DESKTOP_AUTOSTART_ID', '1028939cf395211687157316537012573300000011160007'), ('_', '/usr/bin/colcon'), ('ROS_VERSION', '2'), ('USERNAME', 'william'), ('XDG_SESSION_ID', '1'), ('TERM', 'xterm-256color'), ('GNOME_DESKTOP_SESSION_ID', 'this-is-deprecated'), ('WINDOWPATH', '1'), ('PATH', '/opt/ros/dashing/bin:/home/william/.local/bin:/usr/local/sbin:/usr/local/bin:/usr/sbin:/usr/bin:/sbin:/bin:/usr/games:/usr/local/games:/snap/bin'), ('SESSION_MANAGER', 'local/dev:@/tmp/.ICE-unix/1116,unix/dev:/tmp/.ICE-unix/1116'), ('XDG_MENU_PREFIX', 'gnome-'), ('LC_ADDRESS', 'de_BE.UTF-8'), ('XDG_RUNTIME_DIR', '/run/user/1000'), ('DISPLAY', ':0'), ('LANG', 'en_US.UTF-8'), ('TERMINATOR_DBUS_PATH', '/net/tenshu/Terminator2'), ('XDG_CURRENT_DESKTOP', 'ubuntu:GNOME'), ('LC_TELEPHONE', 'de_BE.UTF-8'), ('LS_COLORS', 'rs=0:di=01;34:ln=01;36:mh=00:pi=40;33:so=01;35:do=01;35:bd=40;33;01:cd=40;33;01:or=40;31;01:mi=00:su=37;41:sg=30;43:ca=30;41:tw=30;42:ow=34;42:st=37;44:ex=01;32:*.tar=01;31:*.tgz=01;31:*.arc=01;31:*.arj=01;31:*.taz=01;31:*.lha=01;31:*.lz4=01;31:*.lzh=01;31:*.lzma=01;31:*.tlz=01;31:*.txz=01;31:*.tzo=01;31:*.t7z=01;31:*.zip=01;31:*.z=01;31:*.Z=01;31:*.dz=01;31:*.gz=01;31:*.lrz=01;31:*.lz=01;31:*.lzo=01;31:*.xz=01;31:*.zst=01;31:*.tzst=01;31:*.bz2=01;31:*.bz=01;31:*.tbz=01;31:*.tbz2=01;31:*.tz=01;31:*.deb=01;31:*.rpm=01;31:*.jar=01;31:*.war=01;31:*.ear=01;31:*.sar=01;31:*.rar=01;31:*.alz=01;31:*.ace=01;31:*.zoo=01;31:*.cpio=01;31:*.7z=01;31:*.rz=01;31:*.cab=01;31:*.wim=01;31:*.swm=01;31:*.dwm=01;31:*.esd=01;31:*.jpg=01;35:*.jpeg=01;35:*.mjpg=01;35:*.mjpeg=01;35:*.gif=01;35:*.bmp=01;35:*.pbm=01;35:*.pgm=01;35:*.ppm=01;35:*.tga=01;35:*.xbm=01;35:*.xpm=01;35:*.tif=01;35:*.tiff=01;35:*.png=01;35:*.svg=01;35:*.svgz=01;35:*.mng=01;35:*.pcx=01;35:*.mov=01;35:*.mpg=01;35:*.mpeg=01;35:*.m2v=01;35:*.mkv=01;35:*.webm=01;35:*.ogm=01;35:*.mp4=01;35:*.m4v=01;35:*.mp4v=01;35:*.vob=01;35:*.qt=01;35:*.nuv=01;35:*.wmv=01;35:*.asf=01;35:*.rm=01;35:*.rmvb=01;35:*.flc=01;35:*.avi=01;35:*.fli=01;35:*.flv=01;35:*.gl=01;35:*.dl=01;35:*.xcf=01;35:*.xwd=01;35:*.yuv=01;35:*.cgm=01;35:*.emf=01;35:*.ogv=01;35:*.ogx=01;35:*.aac=00;36:*.au=00;36:*.flac=00;36:*.m4a=00;36:*.mid=00;36:*.midi=00;36:*.mka=00;36:*.mp3=00;36:*.mpc=00;36:*.ogg=00;36:*.ra=00;36:*.wav=00;36:*.oga=00;36:*.opus=00;36:*.spx=00;36:*.xspf=00;36:'), ('XDG_SESSION_DESKTOP', 'ubuntu'), ('XMODIFIERS', '@im=ibus'), ('XAUTHORITY', '/run/user/1000/gdm/Xauthority'), ('AMENT_PREFIX_PATH', '/opt/ros/dashing'), ('SSH_AUTH_SOCK', '/run/user/1000/keyring/ssh'), ('TERMINATOR_UUID', 'urn:uuid:f9ef9ec2-9c9b-4de2-87e5-a2b7248654e9'), ('LC_NAME', 'de_BE.UTF-8'), ('SHELL', '/bin/bash'), ('QT_ACCESSIBILITY', '1'), ('GDMSESSION', 'ubuntu'), ('LESSCLOSE', '/usr/bin/lesspipe %s %s'), ('LC_MEASUREMENT', 'de_BE.UTF-8'), ('TEXTDOMAINDIR', '/usr/share/locale/'), ('GPG_AGENT_INFO', '/run/user/1000/gnupg/S.gpg-agent:0:1'), ('LC_IDENTIFICATION', 'de_BE.UTF-8'), ('XDG_VTNR', '1'), ('QT_IM_MODULE', 'ibus'), ('LC_ALL', 'en_US.UTF-8'), ('PWD', '/home/william/vacuumcleaner/build/vacuumcleaner'), ('CLUTTER_IM_MODULE', 'xim'), ('XDG_DATA_DIRS', '/usr/share/ubuntu:/usr/local/share/:/usr/share/:/var/lib/snapd/desktop'), ('XDG_CONFIG_DIRS', '/etc/xdg/xdg-ubuntu:/etc/xdg'), ('LC_NUMERIC', 'de_BE.UTF-8'), ('PYTHONPATH', '/opt/ros/dashing/lib/python3.6/site-packages'), ('LC_PAPER', 'de_BE.UTF-8'), ('VTE_VERSION', '5202')]), 'shell': False}
[0.029367] (vacuumcleaner) StdoutLine: {'line': b'-- Found ament_cmake: 0.7.3 (/opt/ros/dashing/share/ament_cmake/cmake)\n'}
[0.054501] (vacuumcleaner) StdoutLine: {'line': b'-- Using PYTHON_EXECUTABLE: /usr/bin/python3\n'}
[0.099359] (-) TimerEvent: {}
[0.199706] (-) TimerEvent: {}
[0.223757] (vacuumcleaner) StdoutLine: {'line': b'-- Override CMake install command with custom implementation using symlinks instead of copying resources\n'}
[0.229636] (vacuumcleaner) StdoutLine: {'line': b'-- Found ament_lint_auto: 0.7.11 (/opt/ros/dashing/share/ament_lint_auto/cmake)\n'}
[0.278570] (vacuumcleaner) StderrLine: {'line': b"Error parsing '/home/william/vacuumcleaner/package.xml':\n"}
[0.299833] (-) TimerEvent: {}
[0.335383] (vacuumcleaner) StderrLine: {'line': b'Traceback (most recent call last):\n'}
[0.335543] (vacuumcleaner) StderrLine: {'line': b'  File "/usr/lib/python3/dist-packages/catkin_pkg/package.py", line 588, in parse_package_string\n'}
[0.335616] (vacuumcleaner) StderrLine: {'line': b'    root = dom.parseString(data)\n'}
[0.335679] (vacuumcleaner) StderrLine: {'line': b'  File "/usr/lib/python3.6/xml/dom/minidom.py", line 1968, in parseString\n'}
[0.335739] (vacuumcleaner) StderrLine: {'line': b'    return expatbuilder.parseString(string)\n'}
[0.335798] (vacuumcleaner) StderrLine: {'line': b'  File "/usr/lib/python3.6/xml/dom/expatbuilder.py", line 925, in parseString\n'}
[0.335856] (vacuumcleaner) StderrLine: {'line': b'    return builder.parseString(string)\n'}
[0.335914] (vacuumcleaner) StderrLine: {'line': b'  File "/usr/lib/python3.6/xml/dom/expatbuilder.py", line 223, in parseString\n'}
[0.335971] (vacuumcleaner) StderrLine: {'line': b'    parser.Parse(string, True)\n'}
[0.336028] (vacuumcleaner) StderrLine: {'line': b'xml.parsers.expat.ExpatError: not well-formed (invalid token): line 14, column 17\n'}
[0.336113] (vacuumcleaner) StderrLine: {'line': b'\n'}
[0.336175] (vacuumcleaner) StderrLine: {'line': b'During handling of the above exception, another exception occurred:\n'}
[0.336234] (vacuumcleaner) StderrLine: {'line': b'\n'}
[0.336291] (vacuumcleaner) StderrLine: {'line': b'Traceback (most recent call last):\n'}
[0.336348] (vacuumcleaner) StderrLine: {'line': b'  File "/opt/ros/dashing/share/ament_cmake_core/cmake/core/package_xml_2_cmake.py", line 143, in <module>\n'}
[0.336407] (vacuumcleaner) StderrLine: {'line': b'    main()\n'}
[0.336465] (vacuumcleaner) StderrLine: {'line': b'  File "/opt/ros/dashing/share/ament_cmake_core/cmake/core/package_xml_2_cmake.py", line 52, in main\n'}
[0.336524] (vacuumcleaner) StderrLine: {'line': b'    raise e\n'}
[0.336581] (vacuumcleaner) StderrLine: {'line': b'  File "/opt/ros/dashing/share/ament_cmake_core/cmake/core/package_xml_2_cmake.py", line 49, in main\n'}
[0.336639] (vacuumcleaner) StderrLine: {'line': b'    args.package_xml.read(), filename=args.package_xml.name)\n'}
[0.336697] (vacuumcleaner) StderrLine: {'line': b'  File "/usr/lib/python3/dist-packages/catkin_pkg/package.py", line 590, in parse_package_string\n'}
[0.336755] (vacuumcleaner) StderrLine: {'line': b"    raise InvalidPackage('The manifest contains invalid XML:\\n%s' % ex, filename)\n"}
[0.336813] (vacuumcleaner) StderrLine: {'line': b"catkin_pkg.package.InvalidPackage: Error(s) in package '/home/william/vacuumcleaner/package.xml':\n"}
[0.336880] (vacuumcleaner) StderrLine: {'line': b'The manifest contains invalid XML:\n'}
[0.336938] (vacuumcleaner) StderrLine: {'line': b'not well-formed (invalid token): line 14, column 17\n'}
[0.349075] (vacuumcleaner) StderrLine: {'line': b'CMake Error at /opt/ros/dashing/share/ament_cmake_core/cmake/core/ament_package_xml.cmake:94 (message):\n'}
[0.349243] (vacuumcleaner) StderrLine: {'line': b'  execute_process(/usr/bin/python3\n'}
[0.349319] (vacuumcleaner) StderrLine: {'line': b'  /opt/ros/dashing/share/ament_cmake_core/cmake/core/package_xml_2_cmake.py\n'}
[0.349389] (vacuumcleaner) StderrLine: {'line': b'  /home/william/vacuumcleaner/package.xml\n'}
[0.349456] (vacuumcleaner) StderrLine: {'line': b'  /home/william/vacuumcleaner/build/vacuumcleaner/ament_cmake_core/package.cmake)\n'}
[0.349523] (vacuumcleaner) StderrLine: {'line': b'  returned error code 1\n'}
[0.349589] (vacuumcleaner) StderrLine: {'line': b'Call Stack (most recent call first):\n'}
[0.349655] (vacuumcleaner) StderrLine: {'line': b'  /opt/ros/dashing/share/ament_cmake_core/cmake/core/ament_package_xml.cmake:49 (_ament_package_xml)\n'}
[0.349811] (vacuumcleaner) StderrLine: {'line': b'  /opt/ros/dashing/share/ament_lint_auto/cmake/ament_lint_auto_find_test_dependencies.cmake:31 (ament_package_xml)\n'}
[0.349919] (vacuumcleaner) StderrLine: {'line': b'  CMakeLists.txt:32 (ament_lint_auto_find_test_dependencies)\n'}
[0.349997] (vacuumcleaner) StderrLine: {'line': b'\n'}
[0.350067] (vacuumcleaner) StderrLine: {'line': b'\n'}
[0.350134] (vacuumcleaner) StdoutLine: {'line': b'-- Configuring incomplete, errors occurred!\n'}
[0.350208] (vacuumcleaner) StdoutLine: {'line': b'See also "/home/william/vacuumcleaner/build/vacuumcleaner/CMakeFiles/CMakeOutput.log".\n'}
[0.352400] (vacuumcleaner) CommandEnded: {'returncode': 1}
[0.353022] (vacuumcleaner) JobEnded: {'identifier': 'vacuumcleaner', 'rc': 1}
[0.363242] (-) EventReactorShutdown: {}
